MO Top_Module NULL Top_Module.v vlg6C/_top___module.bin 1580419471
MO disp_hex_mux NULL disp_hex_mux.v vlg49/disp__hex__mux.bin 1580419471
MO Full_Adder NULL Full_Adder.v vlg1A/_full___adder.bin 1580419471
MO Four_Bit_Full_Adder NULL Four_Bit_Full_Adder.v vlg7F/_four___bit___full___adder.bin 1580419471
