Release 14.7 - xst P.20131013 (lin64)
Copyright (c) 1995-2013 Xilinx, Inc.  All rights reserved.
--> 
Parameter TMPDIR set to xst/projnav.tmp


Total REAL time to Xst completion: 0.00 secs
Total CPU time to Xst completion: 0.03 secs
 
--> 
Parameter xsthdpdir set to xst


Total REAL time to Xst completion: 0.00 secs
Total CPU time to Xst completion: 0.03 secs
 
--> 
Reading design: Debounce_Test.prj

TABLE OF CONTENTS
  1) Synthesis Options Summary
  2) HDL Compilation
  3) Design Hierarchy Analysis
  4) HDL Analysis
  5) HDL Synthesis
     5.1) HDL Synthesis Report
  6) Advanced HDL Synthesis
     6.1) Advanced HDL Synthesis Report
  7) Low Level Synthesis
  8) Partition Report
  9) Final Report
	9.1) Device utilization summary
	9.2) Partition Resource Summary
	9.3) TIMING REPORT


=========================================================================
*                      Synthesis Options Summary                        *
=========================================================================
---- Source Parameters
Input File Name                    : "Debounce_Test.prj"
Input Format                       : mixed
Ignore Synthesis Constraint File   : NO

---- Target Parameters
Output File Name                   : "Debounce_Test"
Output Format                      : NGC
Target Device                      : xc3s200-4-ft256

---- Source Options
Top Module Name                    : Debounce_Test
Automatic FSM Extraction           : YES
FSM Encoding Algorithm             : Auto
Safe Implementation                : No
FSM Style                          : LUT
RAM Extraction                     : Yes
RAM Style                          : Auto
ROM Extraction                     : Yes
Mux Style                          : Auto
Decoder Extraction                 : YES
Priority Encoder Extraction        : Yes
Shift Register Extraction          : YES
Logical Shifter Extraction         : YES
XOR Collapsing                     : YES
ROM Style                          : Auto
Mux Extraction                     : Yes
Resource Sharing                   : YES
Asynchronous To Synchronous        : NO
Multiplier Style                   : Auto
Automatic Register Balancing       : No

---- Target Options
Add IO Buffers                     : YES
Global Maximum Fanout              : 100000
Add Generic Clock Buffer(BUFG)     : 8
Register Duplication               : YES
Slice Packing                      : YES
Optimize Instantiated Primitives   : NO
Use Clock Enable                   : Yes
Use Synchronous Set                : Yes
Use Synchronous Reset              : Yes
Pack IO Registers into IOBs        : Auto
Equivalent register Removal        : YES

---- General Options
Optimization Goal                  : Speed
Optimization Effort                : 1
Keep Hierarchy                     : No
Netlist Hierarchy                  : As_Optimized
RTL Output                         : Yes
Global Optimization                : AllClockNets
Read Cores                         : YES
Write Timing Constraints           : NO
Cross Clock Analysis               : NO
Hierarchy Separator                : /
Bus Delimiter                      : <>
Case Specifier                     : Maintain
Slice Utilization Ratio            : 100
BRAM Utilization Ratio             : 100
Verilog 2001                       : YES
Auto BRAM Packing                  : NO
Slice Utilization Ratio Delta      : 5

=========================================================================


=========================================================================
*                          HDL Compilation                              *
=========================================================================
Compiling verilog file "Edge_Detect_Moore.v" in library work
Compiling verilog file "disp_hex_mux.v" in library work
Module <Edge_Detect_Moore> compiled
Compiling verilog file "Debounce_Test.v" in library work
Module <disp_hex_mux> compiled
Module <Debounce_Test> compiled
No errors in compilation
Analysis of file <"Debounce_Test.prj"> succeeded.
 

=========================================================================
*                     Design Hierarchy Analysis                         *
=========================================================================
Analyzing hierarchy for module <Debounce_Test> in library <work>.

Analyzing hierarchy for module <disp_hex_mux> in library <work> with parameters.
	N = "00000000000000000000000000010010"

Analyzing hierarchy for module <Edge_Detect_Moore> in library <work> with parameters.
	edg = "01"
	one = "10"
	zero = "00"


=========================================================================
*                            HDL Analysis                               *
=========================================================================
Analyzing top module <Debounce_Test>.
Module <Debounce_Test> is correct for synthesis.
 
Analyzing module <disp_hex_mux> in library <work>.
	N = 32'sb00000000000000000000000000010010
Module <disp_hex_mux> is correct for synthesis.
 
Analyzing module <Edge_Detect_Moore> in library <work>.
	edg = 2'b01
	one = 2'b10
	zero = 2'b00
Module <Edge_Detect_Moore> is correct for synthesis.
 

=========================================================================
*                           HDL Synthesis                               *
=========================================================================

Performing bidirectional port resolution...

Synthesizing Unit <disp_hex_mux>.
    Related source file is "disp_hex_mux.v".
    Found 4x1-bit ROM for signal <dp>.
    Found 16x7-bit ROM for signal <hex_in$rom0000>.
    Found 1-of-4 decoder for signal <an>.
    Found 4-bit 4-to-1 multiplexer for signal <hex_in>.
    Found 18-bit up counter for signal <q_reg>.
    Summary:
	inferred   2 ROM(s).
	inferred   1 Counter(s).
	inferred   4 Multiplexer(s).
	inferred   1 Decoder(s).
Unit <disp_hex_mux> synthesized.


Synthesizing Unit <Edge_Detect_Moore>.
    Related source file is "Edge_Detect_Moore.v".
    Found finite state machine <FSM_0> for signal <state_reg>.
    -----------------------------------------------------------------------
    | States             | 3                                              |
    | Transitions        | 6                                              |
    | Inputs             | 1                                              |
    | Outputs            | 1                                              |
    | Clock              | clk                       (rising_edge)        |
    | Reset              | reset                     (positive)           |
    | Reset type         | asynchronous                                   |
    | Reset State        | 00                                             |
    | Encoding           | automatic                                      |
    | Implementation     | LUT                                            |
    -----------------------------------------------------------------------
    Summary:
	inferred   1 Finite State Machine(s).
Unit <Edge_Detect_Moore> synthesized.


Synthesizing Unit <Debounce_Test>.
    Related source file is "Debounce_Test.v".
    Found 8-bit up counter for signal <b_reg>.
    Found 1-bit register for signal <btn_reg>.
    Found 8-bit up counter for signal <d_reg>.
    Found 1-bit register for signal <db_reg>.
    Summary:
	inferred   2 Counter(s).
	inferred   2 D-type flip-flop(s).
Unit <Debounce_Test> synthesized.


=========================================================================
HDL Synthesis Report

Macro Statistics
# ROMs                                                 : 2
 16x7-bit ROM                                          : 1
 4x1-bit ROM                                           : 1
# Counters                                             : 3
 18-bit up counter                                     : 1
 8-bit up counter                                      : 2
# Registers                                            : 2
 1-bit register                                        : 2
# Multiplexers                                         : 1
 4-bit 4-to-1 multiplexer                              : 1
# Decoders                                             : 1
 1-of-4 decoder                                        : 1

=========================================================================

=========================================================================
*                       Advanced HDL Synthesis                          *
=========================================================================

Analyzing FSM <FSM_0> for best encoding.
Optimizing FSM <edge_detect/state_reg/FSM> on signal <state_reg[1:2]> with gray encoding.
-------------------
 State | Encoding
-------------------
 00    | 00
 01    | 01
 10    | 11
-------------------

=========================================================================
Advanced HDL Synthesis Report

Macro Statistics
# FSMs                                                 : 1
# ROMs                                                 : 2
 16x7-bit ROM                                          : 1
 4x1-bit ROM                                           : 1
# Counters                                             : 3
 18-bit up counter                                     : 1
 8-bit up counter                                      : 2
# Registers                                            : 2
 Flip-Flops                                            : 2
# Multiplexers                                         : 1
 4-bit 4-to-1 multiplexer                              : 1
# Decoders                                             : 1
 1-of-4 decoder                                        : 1

=========================================================================

=========================================================================
*                         Low Level Synthesis                           *
=========================================================================

Optimizing unit <Debounce_Test> ...

Mapping all equations...
Building and optimizing final netlist ...
Found area constraint ratio of 100 (+ 5) on block Debounce_Test, actual ratio is 1.

Final Macro Processing ...

=========================================================================
Final Register Report

Macro Statistics
# Registers                                            : 38
 Flip-Flops                                            : 38

=========================================================================

=========================================================================
*                           Partition Report                            *
=========================================================================

Partition Implementation Status
-------------------------------

  No Partitions were found in this design.

-------------------------------

=========================================================================
*                            Final Report                               *
=========================================================================
Final Results
RTL Top Level Output File Name     : Debounce_Test.ngr
Top Level Output File Name         : Debounce_Test
Output Format                      : NGC
Optimization Goal                  : Speed
Keep Hierarchy                     : No

Design Statistics
# IOs                              : 16

Cell Usage :
# BELS                             : 129
#      GND                         : 1
#      INV                         : 3
#      LUT1                        : 31
#      LUT2                        : 8
#      LUT3                        : 9
#      LUT4                        : 7
#      MUXCY                       : 31
#      MUXF5                       : 4
#      VCC                         : 1
#      XORCY                       : 34
# FlipFlops/Latches                : 38
#      FD                          : 2
#      FDC                         : 20
#      FDRE                        : 16
# Clock Buffers                    : 1
#      BUFGP                       : 1
# IO Buffers                       : 15
#      IBUF                        : 3
#      OBUF                        : 12
=========================================================================

Device utilization summary:
---------------------------

Selected Device : 3s200ft256-4 

 Number of Slices:                       30  out of   1920     1%  
 Number of Slice Flip Flops:             38  out of   3840     0%  
 Number of 4 input LUTs:                 58  out of   3840     1%  
 Number of IOs:                          16
 Number of bonded IOBs:                  16  out of    173     9%  
 Number of GCLKs:                         1  out of      8    12%  

---------------------------
Partition Resource Summary:
---------------------------

  No Partitions were found in this design.

---------------------------


=========================================================================
TIMING REPORT

NOTE: THESE TIMING NUMBERS ARE ONLY A SYNTHESIS ESTIMATE.
      FOR ACCURATE TIMING INFORMATION PLEASE REFER TO THE TRACE REPORT
      GENERATED AFTER PLACE-and-ROUTE.

Clock Information:
------------------
-----------------------------------+------------------------+-------+
Clock Signal                       | Clock buffer(FF name)  | Load  |
-----------------------------------+------------------------+-------+
clk                                | BUFGP                  | 38    |
-----------------------------------+------------------------+-------+

Asynchronous Control Signals Information:
----------------------------------------
-----------------------------------+------------------------+-------+
Control Signal                     | Buffer(FF name)        | Load  |
-----------------------------------+------------------------+-------+
reset                              | IBUF                   | 20    |
-----------------------------------+------------------------+-------+

Timing Summary:
---------------
Speed Grade: -4

   Minimum period: 4.978ns (Maximum Frequency: 200.884MHz)
   Minimum input arrival time before clock: 4.313ns
   Maximum output required time after clock: 11.541ns
   Maximum combinational path delay: No path found

Timing Detail:
--------------
All values displayed in nanoseconds (ns)

=========================================================================
Timing constraint: Default period analysis for Clock 'clk'
  Clock period: 4.978ns (frequency: 200.884MHz)
  Total number of paths / destination ports: 279 / 53
-------------------------------------------------------------------------
Delay:               4.978ns (Levels of Logic = 18)
  Source:            disp_unit/q_reg_1 (FF)
  Destination:       disp_unit/q_reg_17 (FF)
  Source Clock:      clk rising
  Destination Clock: clk rising

  Data Path: disp_unit/q_reg_1 to disp_unit/q_reg_17
                                Gate     Net
    Cell:in->out      fanout   Delay   Delay  Logical Name (Net Name)
    ----------------------------------------  ------------
     FDC:C->Q              1   0.720   1.140  disp_unit/q_reg_1 (disp_unit/q_reg_1)
     LUT1:I0->O            1   0.551   0.000  disp_unit/Mcount_q_reg_cy<1>_rt (disp_unit/Mcount_q_reg_cy<1>_rt)
     MUXCY:S->O            1   0.500   0.000  disp_unit/Mcount_q_reg_cy<1> (disp_unit/Mcount_q_reg_cy<1>)
     MUXCY:CI->O           1   0.064   0.000  disp_unit/Mcount_q_reg_cy<2> (disp_unit/Mcount_q_reg_cy<2>)
     MUXCY:CI->O           1   0.064   0.000  disp_unit/Mcount_q_reg_cy<3> (disp_unit/Mcount_q_reg_cy<3>)
     MUXCY:CI->O           1   0.064   0.000  disp_unit/Mcount_q_reg_cy<4> (disp_unit/Mcount_q_reg_cy<4>)
     MUXCY:CI->O           1   0.064   0.000  disp_unit/Mcount_q_reg_cy<5> (disp_unit/Mcount_q_reg_cy<5>)
     MUXCY:CI->O           1   0.064   0.000  disp_unit/Mcount_q_reg_cy<6> (disp_unit/Mcount_q_reg_cy<6>)
     MUXCY:CI->O           1   0.064   0.000  disp_unit/Mcount_q_reg_cy<7> (disp_unit/Mcount_q_reg_cy<7>)
     MUXCY:CI->O           1   0.064   0.000  disp_unit/Mcount_q_reg_cy<8> (disp_unit/Mcount_q_reg_cy<8>)
     MUXCY:CI->O           1   0.064   0.000  disp_unit/Mcount_q_reg_cy<9> (disp_unit/Mcount_q_reg_cy<9>)
     MUXCY:CI->O           1   0.064   0.000  disp_unit/Mcount_q_reg_cy<10> (disp_unit/Mcount_q_reg_cy<10>)
     MUXCY:CI->O           1   0.064   0.000  disp_unit/Mcount_q_reg_cy<11> (disp_unit/Mcount_q_reg_cy<11>)
     MUXCY:CI->O           1   0.064   0.000  disp_unit/Mcount_q_reg_cy<12> (disp_unit/Mcount_q_reg_cy<12>)
     MUXCY:CI->O           1   0.064   0.000  disp_unit/Mcount_q_reg_cy<13> (disp_unit/Mcount_q_reg_cy<13>)
     MUXCY:CI->O           1   0.064   0.000  disp_unit/Mcount_q_reg_cy<14> (disp_unit/Mcount_q_reg_cy<14>)
     MUXCY:CI->O           1   0.064   0.000  disp_unit/Mcount_q_reg_cy<15> (disp_unit/Mcount_q_reg_cy<15>)
     MUXCY:CI->O           0   0.064   0.000  disp_unit/Mcount_q_reg_cy<16> (disp_unit/Mcount_q_reg_cy<16>)
     XORCY:CI->O           1   0.904   0.000  disp_unit/Mcount_q_reg_xor<17> (Result<17>)
     FDC:D                     0.203          disp_unit/q_reg_17
    ----------------------------------------
    Total                      4.978ns (3.838ns logic, 1.140ns route)
                                       (77.1% logic, 22.9% route)

=========================================================================
Timing constraint: Default OFFSET IN BEFORE for Clock 'clk'
  Total number of paths / destination ports: 27 / 27
-------------------------------------------------------------------------
Offset:              4.313ns (Levels of Logic = 2)
  Source:            btn<1> (PAD)
  Destination:       b_reg_0 (FF)
  Destination Clock: clk rising

  Data Path: btn<1> to b_reg_0
                                Gate     Net
    Cell:in->out      fanout   Delay   Delay  Logical Name (Net Name)
    ----------------------------------------  ------------
     IBUF:I->O             4   0.821   1.256  btn_1_IBUF (btn_1_IBUF)
     LUT2:I0->O            8   0.551   1.083  btn_tick1 (btn_tick)
     FDRE:CE                   0.602          b_reg_0
    ----------------------------------------
    Total                      4.313ns (1.974ns logic, 2.339ns route)
                                       (45.8% logic, 54.2% route)

=========================================================================
Timing constraint: Default OFFSET OUT AFTER for Clock 'clk'
  Total number of paths / destination ports: 206 / 12
-------------------------------------------------------------------------
Offset:              11.541ns (Levels of Logic = 4)
  Source:            disp_unit/q_reg_16 (FF)
  Destination:       sseg<6> (PAD)
  Source Clock:      clk rising

  Data Path: disp_unit/q_reg_16 to sseg<6>
                                Gate     Net
    Cell:in->out      fanout   Delay   Delay  Logical Name (Net Name)
    ----------------------------------------  ------------
     FDC:C->Q             13   0.720   1.509  disp_unit/q_reg_16 (disp_unit/q_reg_16)
     LUT3:I0->O            1   0.551   0.000  disp_unit/Mmux_hex_in_3 (disp_unit/Mmux_hex_in_3)
     MUXF5:I1->O           7   0.360   1.405  disp_unit/Mmux_hex_in_2_f5 (disp_unit/hex_in<0>)
     LUT4:I0->O            1   0.551   0.801  disp_unit/Mrom_hex_in_rom000061 (sseg_6_OBUF)
     OBUF:I->O                 5.644          sseg_6_OBUF (sseg<6>)
    ----------------------------------------
    Total                     11.541ns (7.826ns logic, 3.715ns route)
                                       (67.8% logic, 32.2% route)

=========================================================================


Total REAL time to Xst completion: 3.00 secs
Total CPU time to Xst completion: 2.49 secs
 
--> 


Total memory usage is 497340 kilobytes

Number of errors   :    0 (   0 filtered)
Number of warnings :    0 (   0 filtered)
Number of infos    :    0 (   0 filtered)

