Release 14.7 - xst P.20131013 (lin64)
Copyright (c) 1995-2013 Xilinx, Inc.  All rights reserved.
--> 
Parameter TMPDIR set to xst/projnav.tmp


Total REAL time to Xst completion: 0.00 secs
Total CPU time to Xst completion: 0.04 secs
 
--> 
Parameter xsthdpdir set to xst


Total REAL time to Xst completion: 0.00 secs
Total CPU time to Xst completion: 0.05 secs
 
--> 
Reading design: disp_hex_mux.prj

TABLE OF CONTENTS
  1) Synthesis Options Summary
  2) HDL Compilation
  3) Design Hierarchy Analysis
  4) HDL Analysis
  5) HDL Synthesis
     5.1) HDL Synthesis Report
  6) Advanced HDL Synthesis
     6.1) Advanced HDL Synthesis Report
  7) Low Level Synthesis
  8) Partition Report
  9) Final Report
	9.1) Device utilization summary
	9.2) Partition Resource Summary
	9.3) TIMING REPORT


=========================================================================
*                      Synthesis Options Summary                        *
=========================================================================
---- Source Parameters
Input File Name                    : "disp_hex_mux.prj"
Input Format                       : mixed
Ignore Synthesis Constraint File   : NO

---- Target Parameters
Output File Name                   : "disp_hex_mux"
Output Format                      : NGC
Target Device                      : xc3s200-4-ft256

---- Source Options
Top Module Name                    : disp_hex_mux
Automatic FSM Extraction           : YES
FSM Encoding Algorithm             : Auto
Safe Implementation                : No
FSM Style                          : LUT
RAM Extraction                     : Yes
RAM Style                          : Auto
ROM Extraction                     : Yes
Mux Style                          : Auto
Decoder Extraction                 : YES
Priority Encoder Extraction        : Yes
Shift Register Extraction          : YES
Logical Shifter Extraction         : YES
XOR Collapsing                     : YES
ROM Style                          : Auto
Mux Extraction                     : Yes
Resource Sharing                   : YES
Asynchronous To Synchronous        : NO
Multiplier Style                   : Auto
Automatic Register Balancing       : No

---- Target Options
Add IO Buffers                     : YES
Global Maximum Fanout              : 100000
Add Generic Clock Buffer(BUFG)     : 8
Register Duplication               : YES
Slice Packing                      : YES
Optimize Instantiated Primitives   : NO
Use Clock Enable                   : Yes
Use Synchronous Set                : Yes
Use Synchronous Reset              : Yes
Pack IO Registers into IOBs        : Auto
Equivalent register Removal        : YES

---- General Options
Optimization Goal                  : Speed
Optimization Effort                : 1
Keep Hierarchy                     : No
Netlist Hierarchy                  : As_Optimized
RTL Output                         : Yes
Global Optimization                : AllClockNets
Read Cores                         : YES
Write Timing Constraints           : NO
Cross Clock Analysis               : NO
Hierarchy Separator                : /
Bus Delimiter                      : <>
Case Specifier                     : Maintain
Slice Utilization Ratio            : 100
BRAM Utilization Ratio             : 100
Verilog 2001                       : YES
Auto BRAM Packing                  : NO
Slice Utilization Ratio Delta      : 5

=========================================================================


=========================================================================
*                          HDL Compilation                              *
=========================================================================
Compiling verilog file "disp_hex_mux.v" in library work
Module <disp_hex_mux> compiled
No errors in compilation
Analysis of file <"disp_hex_mux.prj"> succeeded.
 

=========================================================================
*                     Design Hierarchy Analysis                         *
=========================================================================
Analyzing hierarchy for module <disp_hex_mux> in library <work> with parameters.
	N = "00000000000000000000000000011100"


=========================================================================
*                            HDL Analysis                               *
=========================================================================
Analyzing top module <disp_hex_mux>.
	N = 32'sb00000000000000000000000000011100
Module <disp_hex_mux> is correct for synthesis.
 

=========================================================================
*                           HDL Synthesis                               *
=========================================================================

Performing bidirectional port resolution...

Synthesizing Unit <disp_hex_mux>.
    Related source file is "disp_hex_mux.v".
    Found 8x4-bit ROM for signal <an>.
    Found 8-bit 8-to-1 multiplexer for signal <sseg>.
    Found 28-bit up counter for signal <q_reg>.
    Summary:
	inferred   1 ROM(s).
	inferred   1 Counter(s).
	inferred   8 Multiplexer(s).
Unit <disp_hex_mux> synthesized.


=========================================================================
HDL Synthesis Report

Macro Statistics
# ROMs                                                 : 1
 8x4-bit ROM                                           : 1
# Counters                                             : 1
 28-bit up counter                                     : 1
# Multiplexers                                         : 1
 8-bit 8-to-1 multiplexer                              : 1

=========================================================================

=========================================================================
*                       Advanced HDL Synthesis                          *
=========================================================================


=========================================================================
Advanced HDL Synthesis Report

Macro Statistics
# ROMs                                                 : 1
 8x4-bit ROM                                           : 1
# Counters                                             : 1
 28-bit up counter                                     : 1
# Multiplexers                                         : 1
 8-bit 8-to-1 multiplexer                              : 1

=========================================================================

=========================================================================
*                         Low Level Synthesis                           *
=========================================================================

Optimizing unit <disp_hex_mux> ...

Mapping all equations...
Building and optimizing final netlist ...
Found area constraint ratio of 100 (+ 5) on block disp_hex_mux, actual ratio is 0.

Final Macro Processing ...

=========================================================================
Final Register Report

Macro Statistics
# Registers                                            : 28
 Flip-Flops                                            : 28

=========================================================================

=========================================================================
*                           Partition Report                            *
=========================================================================

Partition Implementation Status
-------------------------------

  No Partitions were found in this design.

-------------------------------

=========================================================================
*                            Final Report                               *
=========================================================================
Final Results
RTL Top Level Output File Name     : disp_hex_mux.ngr
Top Level Output File Name         : disp_hex_mux
Output Format                      : NGC
Optimization Goal                  : Speed
Keep Hierarchy                     : No

Design Statistics
# IOs                              : 16

Cell Usage :
# BELS                             : 91
#      GND                         : 1
#      INV                         : 1
#      LUT1                        : 27
#      LUT2                        : 2
#      LUT3                        : 4
#      MUXCY                       : 27
#      VCC                         : 1
#      XORCY                       : 28
# FlipFlops/Latches                : 28
#      FDCE                        : 28
# Clock Buffers                    : 1
#      BUFGP                       : 1
# IO Buffers                       : 15
#      IBUF                        : 3
#      OBUF                        : 12
=========================================================================

Device utilization summary:
---------------------------

Selected Device : 3s200ft256-4 

 Number of Slices:                       17  out of   1920     0%  
 Number of Slice Flip Flops:             28  out of   3840     0%  
 Number of 4 input LUTs:                 34  out of   3840     0%  
 Number of IOs:                          16
 Number of bonded IOBs:                  16  out of    173     9%  
 Number of GCLKs:                         1  out of      8    12%  

---------------------------
Partition Resource Summary:
---------------------------

  No Partitions were found in this design.

---------------------------


=========================================================================
TIMING REPORT

NOTE: THESE TIMING NUMBERS ARE ONLY A SYNTHESIS ESTIMATE.
      FOR ACCURATE TIMING INFORMATION PLEASE REFER TO THE TRACE REPORT
      GENERATED AFTER PLACE-and-ROUTE.

Clock Information:
------------------
-----------------------------------+------------------------+-------+
Clock Signal                       | Clock buffer(FF name)  | Load  |
-----------------------------------+------------------------+-------+
clk                                | BUFGP                  | 28    |
-----------------------------------+------------------------+-------+

Asynchronous Control Signals Information:
----------------------------------------
-----------------------------------+------------------------+-------+
Control Signal                     | Buffer(FF name)        | Load  |
-----------------------------------+------------------------+-------+
reset                              | IBUF                   | 28    |
-----------------------------------+------------------------+-------+

Timing Summary:
---------------
Speed Grade: -4

   Minimum period: 5.618ns (Maximum Frequency: 177.999MHz)
   Minimum input arrival time before clock: 3.253ns
   Maximum output required time after clock: 9.121ns
   Maximum combinational path delay: 9.139ns

Timing Detail:
--------------
All values displayed in nanoseconds (ns)

=========================================================================
Timing constraint: Default period analysis for Clock 'clk'
  Clock period: 5.618ns (frequency: 177.999MHz)
  Total number of paths / destination ports: 406 / 28
-------------------------------------------------------------------------
Delay:               5.618ns (Levels of Logic = 28)
  Source:            q_reg_1 (FF)
  Destination:       q_reg_27 (FF)
  Source Clock:      clk rising
  Destination Clock: clk rising

  Data Path: q_reg_1 to q_reg_27
                                Gate     Net
    Cell:in->out      fanout   Delay   Delay  Logical Name (Net Name)
    ----------------------------------------  ------------
     FDCE:C->Q             1   0.720   1.140  q_reg_1 (q_reg_1)
     LUT1:I0->O            1   0.551   0.000  Mcount_q_reg_cy<1>_rt (Mcount_q_reg_cy<1>_rt)
     MUXCY:S->O            1   0.500   0.000  Mcount_q_reg_cy<1> (Mcount_q_reg_cy<1>)
     MUXCY:CI->O           1   0.064   0.000  Mcount_q_reg_cy<2> (Mcount_q_reg_cy<2>)
     MUXCY:CI->O           1   0.064   0.000  Mcount_q_reg_cy<3> (Mcount_q_reg_cy<3>)
     MUXCY:CI->O           1   0.064   0.000  Mcount_q_reg_cy<4> (Mcount_q_reg_cy<4>)
     MUXCY:CI->O           1   0.064   0.000  Mcount_q_reg_cy<5> (Mcount_q_reg_cy<5>)
     MUXCY:CI->O           1   0.064   0.000  Mcount_q_reg_cy<6> (Mcount_q_reg_cy<6>)
     MUXCY:CI->O           1   0.064   0.000  Mcount_q_reg_cy<7> (Mcount_q_reg_cy<7>)
     MUXCY:CI->O           1   0.064   0.000  Mcount_q_reg_cy<8> (Mcount_q_reg_cy<8>)
     MUXCY:CI->O           1   0.064   0.000  Mcount_q_reg_cy<9> (Mcount_q_reg_cy<9>)
     MUXCY:CI->O           1   0.064   0.000  Mcount_q_reg_cy<10> (Mcount_q_reg_cy<10>)
     MUXCY:CI->O           1   0.064   0.000  Mcount_q_reg_cy<11> (Mcount_q_reg_cy<11>)
     MUXCY:CI->O           1   0.064   0.000  Mcount_q_reg_cy<12> (Mcount_q_reg_cy<12>)
     MUXCY:CI->O           1   0.064   0.000  Mcount_q_reg_cy<13> (Mcount_q_reg_cy<13>)
     MUXCY:CI->O           1   0.064   0.000  Mcount_q_reg_cy<14> (Mcount_q_reg_cy<14>)
     MUXCY:CI->O           1   0.064   0.000  Mcount_q_reg_cy<15> (Mcount_q_reg_cy<15>)
     MUXCY:CI->O           1   0.064   0.000  Mcount_q_reg_cy<16> (Mcount_q_reg_cy<16>)
     MUXCY:CI->O           1   0.064   0.000  Mcount_q_reg_cy<17> (Mcount_q_reg_cy<17>)
     MUXCY:CI->O           1   0.064   0.000  Mcount_q_reg_cy<18> (Mcount_q_reg_cy<18>)
     MUXCY:CI->O           1   0.064   0.000  Mcount_q_reg_cy<19> (Mcount_q_reg_cy<19>)
     MUXCY:CI->O           1   0.064   0.000  Mcount_q_reg_cy<20> (Mcount_q_reg_cy<20>)
     MUXCY:CI->O           1   0.064   0.000  Mcount_q_reg_cy<21> (Mcount_q_reg_cy<21>)
     MUXCY:CI->O           1   0.064   0.000  Mcount_q_reg_cy<22> (Mcount_q_reg_cy<22>)
     MUXCY:CI->O           1   0.064   0.000  Mcount_q_reg_cy<23> (Mcount_q_reg_cy<23>)
     MUXCY:CI->O           1   0.064   0.000  Mcount_q_reg_cy<24> (Mcount_q_reg_cy<24>)
     MUXCY:CI->O           1   0.064   0.000  Mcount_q_reg_cy<25> (Mcount_q_reg_cy<25>)
     MUXCY:CI->O           0   0.064   0.000  Mcount_q_reg_cy<26> (Mcount_q_reg_cy<26>)
     XORCY:CI->O           1   0.904   0.000  Mcount_q_reg_xor<27> (Result<27>)
     FDCE:D                    0.203          q_reg_27
    ----------------------------------------
    Total                      5.618ns (4.478ns logic, 1.140ns route)
                                       (79.7% logic, 20.3% route)

=========================================================================
Timing constraint: Default OFFSET IN BEFORE for Clock 'clk'
  Total number of paths / destination ports: 28 / 28
-------------------------------------------------------------------------
Offset:              3.253ns (Levels of Logic = 1)
  Source:            en (PAD)
  Destination:       q_reg_0 (FF)
  Destination Clock: clk rising

  Data Path: en to q_reg_0
                                Gate     Net
    Cell:in->out      fanout   Delay   Delay  Logical Name (Net Name)
    ----------------------------------------  ------------
     IBUF:I->O            28   0.821   1.830  en_IBUF (en_IBUF)
     FDCE:CE                   0.602          q_reg_0
    ----------------------------------------
    Total                      3.253ns (1.423ns logic, 1.830ns route)
                                       (43.7% logic, 56.3% route)

=========================================================================
Timing constraint: Default OFFSET OUT AFTER for Clock 'clk'
  Total number of paths / destination ports: 18 / 10
-------------------------------------------------------------------------
Offset:              9.121ns (Levels of Logic = 2)
  Source:            q_reg_27 (FF)
  Destination:       an<0> (PAD)
  Source Clock:      clk rising

  Data Path: q_reg_27 to an<0>
                                Gate     Net
    Cell:in->out      fanout   Delay   Delay  Logical Name (Net Name)
    ----------------------------------------  ------------
     FDCE:C->Q             7   0.720   1.405  q_reg_27 (q_reg_27)
     LUT3:I0->O            1   0.551   0.801  Mrom_an11 (an_0_OBUF)
     OBUF:I->O                 5.644          an_0_OBUF (an<0>)
    ----------------------------------------
    Total                      9.121ns (6.915ns logic, 2.206ns route)
                                       (75.8% logic, 24.2% route)

=========================================================================
Timing constraint: Default path analysis
  Total number of paths / destination ports: 6 / 6
-------------------------------------------------------------------------
Delay:               9.139ns (Levels of Logic = 3)
  Source:            ccw (PAD)
  Destination:       sseg<6> (PAD)

  Data Path: ccw to sseg<6>
                                Gate     Net
    Cell:in->out      fanout   Delay   Delay  Logical Name (Net Name)
    ----------------------------------------  ------------
     IBUF:I->O             2   0.821   1.216  ccw_IBUF (ccw_IBUF)
     LUT2:I0->O            3   0.551   0.907  sseg<3>1 (sseg_3_OBUF)
     OBUF:I->O                 5.644          sseg_4_OBUF (sseg<4>)
    ----------------------------------------
    Total                      9.139ns (7.016ns logic, 2.123ns route)
                                       (76.8% logic, 23.2% route)

=========================================================================


Total REAL time to Xst completion: 4.00 secs
Total CPU time to Xst completion: 3.27 secs
 
--> 


Total memory usage is 495524 kilobytes

Number of errors   :    0 (   0 filtered)
Number of warnings :    0 (   0 filtered)
Number of infos    :    0 (   0 filtered)

